2026-08-27T19:19:34.164+05:30  INFO 13700 --- [movie-booking] [main] c.moviebooking.MovieBookingApplication   : Starting MovieBookingApplication using Java 21.0.9 with PID 13700 (C:\Users\2467370\Documents\branch_2\movie-booking\target\classes started by 2467370 in C:\Users\2467370\Documents\branch_2\movie-booking)
2026-08-27T19:19:34.178+05:30 DEBUG 13700 --- [movie-booking] [main] c.moviebooking.MovieBookingApplication   : Running with Spring Boot v3.4.3, Spring v6.2.3
2026-08-27T19:19:34.179+05:30  INFO 13700 --- [movie-booking] [main] c.moviebooking.MovieBookingApplication   : No active profile set, falling back to 1 default profile: "default"
2026-08-27T19:19:39.523+05:30  INFO 13700 --- [movie-booking] [main] .s.d.r.c.RepositoryConfigurationDelegate : Bootstrapping Spring Data JPA repositories in DEFAULT mode.
2026-08-27T19:19:39.961+05:30  INFO 13700 --- [movie-booking] [main] .s.d.r.c.RepositoryConfigurationDelegate : Finished Spring Data repository scanning in 418 ms. Found 15 JPA repository interfaces.
2026-08-27T19:19:40.975+05:30  INFO 13700 --- [movie-booking] [main] o.s.b.w.embedded.tomcat.TomcatWebServer  : Tomcat initialized with port 8080 (http)
2026-08-27T19:19:40.998+05:30  INFO 13700 --- [movie-booking] [main] o.apache.catalina.core.StandardService   : Starting service [Tomcat]
2026-08-27T19:19:40.999+05:30  INFO 13700 --- [movie-booking] [main] o.apache.catalina.core.StandardEngine    : Starting Servlet engine: [Apache Tomcat/10.1.36]
2026-08-27T19:19:41.152+05:30  INFO 13700 --- [movie-booking] [main] o.a.c.c.C.[Tomcat].[localhost].[/]       : Initializing Spring embedded WebApplicationContext
2026-08-27T19:19:41.152+05:30  INFO 13700 --- [movie-booking] [main] w.s.c.ServletWebServerApplicationContext : Root WebApplicationContext: initialization completed in 6910 ms
2026-08-27T19:19:41.477+05:30  INFO 13700 --- [movie-booking] [main] o.hibernate.jpa.internal.util.LogHelper  : HHH000204: Processing PersistenceUnitInfo [name: default]
2026-08-27T19:19:41.617+05:30  INFO 13700 --- [movie-booking] [main] org.hibernate.Version                    : HHH000412: Hibernate ORM core version 6.6.8.Final
2026-08-27T19:19:41.689+05:30  INFO 13700 --- [movie-booking] [main] o.h.c.internal.RegionFactoryInitiator    : HHH000026: Second-level cache disabled
2026-08-27T19:19:42.228+05:30  INFO 13700 --- [movie-booking] [main] o.s.o.j.p.SpringPersistenceUnitInfo      : No LoadTimeWeaver setup: ignoring JPA class transformer
2026-08-27T19:19:42.295+05:30  INFO 13700 --- [movie-booking] [main] com.zaxxer.hikari.HikariDataSource       : HikariPool-1 - Starting...
2026-08-27T19:19:42.990+05:30  INFO 13700 --- [movie-booking] [main] com.zaxxer.hikari.pool.HikariPool        : HikariPool-1 - Added connection com.mysql.cj.jdbc.ConnectionImpl@878feb2
2026-08-27T19:19:42.994+05:30  INFO 13700 --- [movie-booking] [main] com.zaxxer.hikari.HikariDataSource       : HikariPool-1 - Start completed.
2026-08-27T19:19:43.239+05:30  INFO 13700 --- [movie-booking] [main] org.hibernate.orm.connections.pooling    : HHH10001005: Database info:
	Database JDBC URL [Connecting through datasource 'HikariDataSource (HikariPool-1)']
	Database driver: undefined/unknown
	Database version: 8.0.44
	Autocommit mode: undefined/unknown
	Isolation level: undefined/unknown
	Minimum pool size: undefined/unknown
	Maximum pool size: undefined/unknown
2026-08-27T19:19:45.602+05:30  INFO 13700 --- [movie-booking] [main] o.h.e.t.j.p.i.JtaPlatformInitiator       : HHH000489: No JTA platform available (set 'hibernate.transaction.jta.platform' to enable JTA platform integration)
2026-08-27T19:19:47.266+05:30  INFO 13700 --- [movie-booking] [main] j.LocalContainerEntityManagerFactoryBean : Initialized JPA EntityManagerFactory for persistence unit 'default'
2026-08-27T19:19:47.758+05:30 DEBUG 13700 --- [movie-booking] [main] c.m.security.JwtAuthenticationFilter     : Filter 'jwtAuthenticationFilter' configured for use
2026-08-27T19:19:47.898+05:30  INFO 13700 --- [movie-booking] [main] o.s.d.j.r.query.QueryEnhancerFactory     : Hibernate is in classpath; If applicable, HQL parser will be used.
2026-08-27T19:19:49.894+05:30  INFO 13700 --- [movie-booking] [main] r$InitializeUserDetailsManagerConfigurer : Global AuthenticationManager configured with UserDetailsService bean with name customUserDetailsService
2026-08-27T19:19:50.086+05:30  INFO 13700 --- [movie-booking] [main] o.s.b.a.w.s.WelcomePageHandlerMapping    : Adding welcome page: class path resource [static/index.html]
2026-08-27T19:19:50.963+05:30  INFO 13700 --- [movie-booking] [main] o.s.b.w.embedded.tomcat.TomcatWebServer  : Tomcat started on port 8080 (http) with context path '/'
2026-08-27T19:19:50.979+05:30  INFO 13700 --- [movie-booking] [main] c.moviebooking.MovieBookingApplication   : Started MovieBookingApplication in 17.548 seconds (process running for 18.788)
2026-08-27T19:20:51.262+05:30  INFO 13700 --- [movie-booking] [http-nio-8080-exec-1] o.a.c.c.C.[Tomcat].[localhost].[/]       : Initializing Spring DispatcherServlet 'dispatcherServlet'
2026-08-27T19:20:51.262+05:30  INFO 13700 --- [movie-booking] [http-nio-8080-exec-1] o.s.web.servlet.DispatcherServlet        : Initializing Servlet 'dispatcherServlet'
2026-08-27T19:20:51.264+05:30  INFO 13700 --- [movie-booking] [http-nio-8080-exec-1] o.s.web.servlet.DispatcherServlet        : Completed initialization in 2 ms
2026-08-27T19:20:52.807+05:30 DEBUG 13700 --- [movie-booking] [http-nio-8080-exec-4] c.m.c.exception.GlobalExceptionHandler   : Static resource not found: No static resource favicon.ico.
2026-08-27T19:22:11.374+05:30  INFO 13700 --- [movie-booking] [RMI TCP Connection(12)-127.0.0.1] inMXBeanRegistrar$SpringApplicationAdmin : Application shutdown requested.
2026-08-27T19:22:11.379+05:30  INFO 13700 --- [movie-booking] [RMI TCP Connection(12)-127.0.0.1] o.s.b.w.e.tomcat.GracefulShutdown        : Commencing graceful shutdown. Waiting for active requests to complete
2026-08-27T19:22:11.389+05:30  INFO 13700 --- [movie-booking] [tomcat-shutdown] o.s.b.w.e.tomcat.GracefulShutdown        : Graceful shutdown complete
2026-08-27T19:22:11.472+05:30  INFO 13700 --- [movie-booking] [RMI TCP Connection(12)-127.0.0.1] j.LocalContainerEntityManagerFactoryBean : Closing JPA EntityManagerFactory for persistence unit 'default'
2026-08-27T19:22:11.478+05:30  INFO 13700 --- [movie-booking] [RMI TCP Connection(12)-127.0.0.1] com.zaxxer.hikari.HikariDataSource       : HikariPool-1 - Shutdown initiated...
2026-08-27T19:22:11.485+05:30  INFO 13700 --- [movie-booking] [RMI TCP Connection(12)-127.0.0.1] com.zaxxer.hikari.HikariDataSource       : HikariPool-1 - Shutdown completed.
2026-08-27T19:22:21.917+05:30  INFO 19024 --- [movie-booking] [main] c.moviebooking.MovieBookingApplication   : Starting MovieBookingApplication using Java 21.0.9 with PID 19024 (C:\Users\2467370\Documents\branch_2\movie-booking\target\classes started by 2467370 in C:\Users\2467370\Documents\branch_2\movie-booking)
2026-08-27T19:22:21.919+05:30 DEBUG 19024 --- [movie-booking] [main] c.moviebooking.MovieBookingApplication   : Running with Spring Boot v3.4.3, Spring v6.2.3
2026-08-27T19:22:21.920+05:30  INFO 19024 --- [movie-booking] [main] c.moviebooking.MovieBookingApplication   : No active profile set, falling back to 1 default profile: "default"
2026-08-27T19:22:27.306+05:30  INFO 19024 --- [movie-booking] [main] .s.d.r.c.RepositoryConfigurationDelegate : Bootstrapping Spring Data JPA repositories in DEFAULT mode.
2026-08-27T19:22:27.642+05:30  INFO 19024 --- [movie-booking] [main] .s.d.r.c.RepositoryConfigurationDelegate : Finished Spring Data repository scanning in 322 ms. Found 15 JPA repository interfaces.
2026-08-27T19:22:28.423+05:30  INFO 19024 --- [movie-booking] [main] o.s.b.w.embedded.tomcat.TomcatWebServer  : Tomcat initialized with port 8080 (http)
2026-08-27T19:22:28.438+05:30  INFO 19024 --- [movie-booking] [main] o.apache.catalina.core.StandardService   : Starting service [Tomcat]
2026-08-27T19:22:28.438+05:30  INFO 19024 --- [movie-booking] [main] o.apache.catalina.core.StandardEngine    : Starting Servlet engine: [Apache Tomcat/10.1.36]
2026-08-27T19:22:28.533+05:30  INFO 19024 --- [movie-booking] [main] o.a.c.c.C.[Tomcat].[localhost].[/]       : Initializing Spring embedded WebApplicationContext
2026-08-27T19:22:28.533+05:30  INFO 19024 --- [movie-booking] [main] w.s.c.ServletWebServerApplicationContext : Root WebApplicationContext: initialization completed in 6554 ms
2026-08-27T19:22:28.766+05:30  INFO 19024 --- [movie-booking] [main] o.hibernate.jpa.internal.util.LogHelper  : HHH000204: Processing PersistenceUnitInfo [name: default]
2026-08-27T19:22:28.876+05:30  INFO 19024 --- [movie-booking] [main] org.hibernate.Version                    : HHH000412: Hibernate ORM core version 6.6.8.Final
2026-08-27T19:22:28.926+05:30  INFO 19024 --- [movie-booking] [main] o.h.c.internal.RegionFactoryInitiator    : HHH000026: Second-level cache disabled
2026-08-27T19:22:29.373+05:30  INFO 19024 --- [movie-booking] [main] o.s.o.j.p.SpringPersistenceUnitInfo      : No LoadTimeWeaver setup: ignoring JPA class transformer
2026-08-27T19:22:29.421+05:30  INFO 19024 --- [movie-booking] [main] com.zaxxer.hikari.HikariDataSource       : HikariPool-1 - Starting...
2026-08-27T19:22:30.089+05:30  INFO 19024 --- [movie-booking] [main] com.zaxxer.hikari.pool.HikariPool        : HikariPool-1 - Added connection com.mysql.cj.jdbc.ConnectionImpl@7ef4aceb
2026-08-27T19:22:30.093+05:30  INFO 19024 --- [movie-booking] [main] com.zaxxer.hikari.HikariDataSource       : HikariPool-1 - Start completed.
2026-08-27T19:22:30.245+05:30  INFO 19024 --- [movie-booking] [main] org.hibernate.orm.connections.pooling    : HHH10001005: Database info:
	Database JDBC URL [Connecting through datasource 'HikariDataSource (HikariPool-1)']
	Database driver: undefined/unknown
	Database version: 8.0.44
	Autocommit mode: undefined/unknown
	Isolation level: undefined/unknown
	Minimum pool size: undefined/unknown
	Maximum pool size: undefined/unknown
2026-08-27T19:22:32.138+05:30  INFO 19024 --- [movie-booking] [main] o.h.e.t.j.p.i.JtaPlatformInitiator       : HHH000489: No JTA platform available (set 'hibernate.transaction.jta.platform' to enable JTA platform integration)
2026-08-27T19:22:32.648+05:30  INFO 19024 --- [movie-booking] [main] j.LocalContainerEntityManagerFactoryBean : Initialized JPA EntityManagerFactory for persistence unit 'default'
2026-08-27T19:22:33.087+05:30 DEBUG 19024 --- [movie-booking] [main] c.m.security.JwtAuthenticationFilter     : Filter 'jwtAuthenticationFilter' configured for use
2026-08-27T19:22:33.192+05:30  INFO 19024 --- [movie-booking] [main] o.s.d.j.r.query.QueryEnhancerFactory     : Hibernate is in classpath; If applicable, HQL parser will be used.
2026-08-27T19:22:35.198+05:30  INFO 19024 --- [movie-booking] [main] r$InitializeUserDetailsManagerConfigurer : Global AuthenticationManager configured with UserDetailsService bean with name customUserDetailsService
2026-08-27T19:22:35.325+05:30  INFO 19024 --- [movie-booking] [main] o.s.b.a.w.s.WelcomePageHandlerMapping    : Adding welcome page: class path resource [static/index.html]
2026-08-27T19:22:36.106+05:30  INFO 19024 --- [movie-booking] [main] o.s.b.w.embedded.tomcat.TomcatWebServer  : Tomcat started on port 8080 (http) with context path '/'
2026-08-27T19:22:36.132+05:30  INFO 19024 --- [movie-booking] [main] c.moviebooking.MovieBookingApplication   : Started MovieBookingApplication in 14.824 seconds (process running for 16.06)
2026-08-27T19:22:36.433+05:30  INFO 19024 --- [movie-booking] [http-nio-8080-exec-1] o.a.c.c.C.[Tomcat].[localhost].[/]       : Initializing Spring DispatcherServlet 'dispatcherServlet'
2026-08-27T19:22:36.433+05:30  INFO 19024 --- [movie-booking] [http-nio-8080-exec-1] o.s.web.servlet.DispatcherServlet        : Initializing Servlet 'dispatcherServlet'
2026-08-27T19:22:36.433+05:30  INFO 19024 --- [movie-booking] [http-nio-8080-exec-1] o.s.web.servlet.DispatcherServlet        : Completed initialization in 0 ms
2026-08-27T19:28:13.564+05:30  INFO 19024 --- [movie-booking] [RMI TCP Connection(16)-127.0.0.1] inMXBeanRegistrar$SpringApplicationAdmin : Application shutdown requested.
2026-08-27T19:28:13.570+05:30  INFO 19024 --- [movie-booking] [RMI TCP Connection(16)-127.0.0.1] o.s.b.w.e.tomcat.GracefulShutdown        : Commencing graceful shutdown. Waiting for active requests to complete
2026-08-27T19:28:13.581+05:30  INFO 19024 --- [movie-booking] [tomcat-shutdown] o.s.b.w.e.tomcat.GracefulShutdown        : Graceful shutdown complete
2026-08-27T19:28:13.626+05:30  INFO 19024 --- [movie-booking] [RMI TCP Connection(16)-127.0.0.1] j.LocalContainerEntityManagerFactoryBean : Closing JPA EntityManagerFactory for persistence unit 'default'
2026-08-27T19:28:13.629+05:30  INFO 19024 --- [movie-booking] [RMI TCP Connection(16)-127.0.0.1] com.zaxxer.hikari.HikariDataSource       : HikariPool-1 - Shutdown initiated...
2026-08-27T19:28:13.638+05:30  INFO 19024 --- [movie-booking] [RMI TCP Connection(16)-127.0.0.1] com.zaxxer.hikari.HikariDataSource       : HikariPool-1 - Shutdown completed.
